  compat.c
  dct64.c
  equalizer.c
  feature.c
  format.c
  frame.c
  icy.c
  icy2utf8.c
  id3.c
  index.c
  layer1.c
  layer2.c
  layer3.c
  libmpg123.c
  msvc.c
C:\Development\GitHub\GERRAudio\SIPServer\libs\libmpg123\ports\MSVC++\msvc.c(24,34): warning C4113: 'int (__cdecl *)(int,void *,unsigned int)' differs in parameter lists from 'ssize_t (__cdecl *)(int,void *,size_t)'
  ntom.c
  optimize.c
  parse.c
  readers.c
  stringbuf.c
  Compiling...
  synth.c
  synth_8bit.c
  synth_real.c
  synth_s32.c
  tabinit.c
  libmpg123.2017.vcxproj -> C:\Development\GitHub\GERRAudio\SIPServer\libs\win32\mpg123\x64\Release_Generic\libmpg123.lib
